// Jest Snapshot v1, https://goo.gl/fbAQLP

exports[`it matches snapshot 1`] = `
<DocumentFragment>
  <div>
    <form>
      <label
        for="username"
      >
        Username
      </label>
      <input
        data-testid="username"
        name="username"
        placeholder="Username"
        type="text"
        value=""
      />
      <label
        for="password"
      >
        Password
      </label>
      <input
        data-testid="password"
        name="password"
        placeholder="Password"
        type="password"
        value=""
      />
      <button
        data-testid="loginSubmit"
      >
        Log In
      </button>
    </form>
  </div>
</DocumentFragment>
`;
