// Jest Snapshot v1, https://goo.gl/fbAQLP

exports[`it matches snapshot 1`] = `
<DocumentFragment>
  <div>
    <form>
      <label
        for="username"
      >
        Username
      </label>
      <input
        data-testid="username"
        name="username"
        placeholder="Username"
        type="text"
        value=""
      />
      <label
        for="password"
      >
        Password
      </label>
      <input
        data-testid="password"
        name="password"
        placeholder="Password"
        type="password"
        value=""
      />
      <label
        for="first_name"
      >
        First Name
      </label>
      <input
        data-testid="first_name"
        name="first_name"
        placeholder="First Name"
        type="text"
        value=""
      />
      <label
        for="last_name"
      >
        Last Name
      </label>
      <input
        data-testid="last_name"
        name="last_name"
        placeholder="Last Name"
        type="text"
        value=""
      />
      <label
        for="email"
      >
        Email
      </label>
      <input
        data-testid="email"
        name="email"
        placeholder="Email"
        type="email"
        value=""
      />
      <button
        data-testid="signupButton"
      >
        Sign Up
      </button>
    </form>
  </div>
</DocumentFragment>
`;
